// Jest Snapshot v1, https://goo.gl/fbAQLP

exports[`QA agent scenario simulation builds a meaningful graph and promotions work 1`] = `
{
  "sRes": [
    {
      "from": "session",
      "score": 0.51,
      "text": "리그레션 테스트 수행",
    },
    {
      "from": "session",
      "score": 0.78,
      "text": "리그레이션 테스트 수행",
    },
    {
      "from": "session",
      "score": 0.39,
      "text": "제품A 테스트 증적 검토",
    },
    {
      "from": "session",
      "score": 0.39,
      "text": "제품B 결제 테스트 케이스 생성",
    },
    {
      "from": "session",
      "score": 0.69,
      "text": "제품B 리그레이션 테스트 수행",
    },
    {
      "from": "session",
      "score": 0.39,
      "text": "제품B 리팩토링 리그레이션 필요",
    },
    {
      "from": "session",
      "score": 0.53,
      "text": "제품B 회귀 테스트 실행",
    },
    {
      "from": "session",
      "score": 0.62,
      "text": "회귀 테스트 실행",
    },
  ],
  "sessionSummary": {
    "edges": {
      "has_feedback": 32,
      "similar_to": 2,
    },
    "nodes": [
      {
        "degree": 0,
        "feedback": 0,
        "repeat": 2,
        "text": "리그레션 테스트 수행",
      },
      {
        "degree": 1,
        "feedback": 0.3,
        "repeat": 2,
        "text": "리그레이션 테스트 수행",
      },
      {
        "degree": 2,
        "feedback": 2,
        "repeat": 1,
        "text": "시험 증적 확인",
      },
      {
        "degree": 2,
        "feedback": 2,
        "repeat": 1,
        "text": "작성된 테스트케이스 조회",
      },
      {
        "degree": 0,
        "feedback": 0,
        "repeat": 1,
        "text": "제품A 개편 테스트케이스 있어?",
      },
      {
        "degree": 3,
        "feedback": 3,
        "repeat": 2,
        "text": "제품A 로그인 테스트 케이스 작성",
      },
      {
        "degree": 0,
        "feedback": 0,
        "repeat": 1,
        "text": "제품A 리뉴얼 관련 테스트 케이스",
      },
      {
        "degree": 0,
        "feedback": 0,
        "repeat": 1,
        "text": "제품A 신규 기능 회귀 테스트 필요?",
      },
      {
        "degree": 2,
        "feedback": 2,
        "repeat": 1,
        "text": "제품A 테스트 증적 검토",
      },
      {
        "degree": 0,
        "feedback": 0,
        "repeat": 1,
        "text": "제품A 테스트케이스 검색",
      },
      {
        "degree": 3,
        "feedback": 3,
        "repeat": 2,
        "text": "제품B 결제 테스트 케이스 생성",
      },
      {
        "degree": 1,
        "feedback": 0.3,
        "repeat": 2,
        "text": "제품B 리그레이션 테스트 수행",
      },
      {
        "degree": 2,
        "feedback": -1,
        "repeat": 1,
        "text": "제품B 리팩토링 리그레이션 필요",
      },
      {
        "degree": 2,
        "feedback": -1,
        "repeat": 1,
        "text": "제품B 리팩토링 회귀 테스트 계획",
      },
      {
        "degree": 2,
        "feedback": 2,
        "repeat": 1,
        "text": "제품B 테스트 증적 확인",
      },
      {
        "degree": 0,
        "feedback": 0,
        "repeat": 1,
        "text": "제품B 테스트케이스 조회",
      },
      {
        "degree": 1,
        "feedback": 0.3,
        "repeat": 2,
        "text": "제품B 회귀 테스트 실행",
      },
      {
        "degree": 0,
        "feedback": 0,
        "repeat": 1,
        "text": "테스트 결과 증빙 확인",
      },
      {
        "degree": 3,
        "feedback": 3,
        "repeat": 2,
        "text": "테스트 시나리오 작성",
      },
      {
        "degree": 2,
        "feedback": 2,
        "repeat": 1,
        "text": "테스트 증적 검증 요청",
      },
      {
        "degree": 0,
        "feedback": 0,
        "repeat": 1,
        "text": "테스트 케이스 검색",
      },
      {
        "degree": 3,
        "feedback": 3,
        "repeat": 2,
        "text": "테스트 케이스 작성",
      },
      {
        "degree": 0,
        "feedback": 0,
        "repeat": 2,
        "text": "테스트 케이스 초안 만들기",
      },
      {
        "degree": 0,
        "feedback": 0,
        "repeat": 1,
        "text": "테스트케이스 목록 조회",
      },
      {
        "degree": 3,
        "feedback": 3,
        "repeat": 2,
        "text": "테스트케이스 작성",
      },
      {
        "degree": 3,
        "feedback": 3,
        "repeat": 2,
        "text": "테스트케이스 템플릿 생성",
      },
      {
        "degree": 1,
        "feedback": 0.3,
        "repeat": 2,
        "text": "회귀 테스트 실행",
      },
    ],
    "similarRatio": 0.059,
  },
}
`;

exports[`QA agent scenario simulation builds a meaningful graph and promotions work 2`] = `
{
  "aRes": [
    {
      "score": 0.51,
      "text": "작성된 테스트케이스 조회",
    },
    {
      "score": 0.34,
      "text": "제품A 로그인 테스트 케이스 작성",
    },
    {
      "score": 0.51,
      "text": "제품A 테스트 증적 검토",
    },
    {
      "score": 0.51,
      "text": "테스트케이스 작성",
    },
    {
      "score": 0.44,
      "text": "테스트케이스 템플릿 생성",
    },
  ],
  "agentStats": {
    "edges": 1,
    "nodes": 15,
  },
}
`;
