// Jest Snapshot v1, https://goo.gl/fbAQLP

exports[`QA agent large simulation (~100 queries) graph forms clusters and promotions carry weights [snapshot] 1`] = `
{
  "components": {
    "count": 25,
    "top": [
      4,
      4,
      4,
      4,
      4,
    ],
  },
  "counts": {
    "edges": 102,
    "nodes": 103,
    "queries": 53,
  },
  "degree": {
    "max": 5,
    "mean": 2.91,
    "median": 3,
    "min": 0,
    "p90": 5,
  },
  "edgeTypes": {
    "has_feedback": 50,
    "similar_to": 52,
  },
  "feedback": {
    "max": 2.9000000000000004,
    "mean": 1.33,
    "median": 0.9,
    "min": -0.10000000000000003,
    "p90": 2.9,
  },
  "repeat": {
    "max": 1,
    "mean": 0.89,
    "median": 1,
    "min": 0,
    "p90": 1,
  },
  "similarRatio": 0.51,
  "topTexts": [
    {
      "degree": 5,
      "fb": 2.9,
      "text": "제품A 테스트 시나리오 작성",
    },
    {
      "degree": 5,
      "fb": 2.9,
      "text": "제품A 작성된 테스트케이스 조회",
    },
    {
      "degree": 5,
      "fb": 2.9,
      "text": "제품A 테스트 증적 검증 요청",
    },
    {
      "degree": 5,
      "fb": 2.9,
      "text": "제품B 테스트 시나리오 작성",
    },
    {
      "degree": 5,
      "fb": 2.9,
      "text": "제품B 작성된 테스트케이스 조회",
    },
    {
      "degree": 5,
      "fb": 2.9,
      "text": "제품B 테스트 증적 검증 요청",
    },
    {
      "degree": 5,
      "fb": 2.9,
      "text": "제품C 테스트 시나리오 작성",
    },
    {
      "degree": 5,
      "fb": 2.9,
      "text": "제품C 작성된 테스트케이스 조회",
    },
    {
      "degree": 5,
      "fb": 2.9,
      "text": "제품C 테스트 증적 검증 요청",
    },
    {
      "degree": 5,
      "fb": 2.9,
      "text": "제품D 테스트 시나리오 작성",
    },
  ],
}
`;

exports[`QA agent large simulation (~100 queries) graph forms clusters and promotions carry weights [snapshot] 2`] = `
{
  "counts": {
    "edges": 17,
    "nodes": 40,
    "queries": 40,
  },
  "edgeTypes": {
    "similar_to": 17,
  },
  "search": [
    {
      "score": 0.62,
      "text": "제품A 리그레이션 테스트 수행",
    },
    {
      "score": 0.59,
      "text": "제품B 리그레이션 테스트 수행",
    },
    {
      "score": 0.78,
      "text": "제품C 리그레이션 테스트 수행",
    },
    {
      "score": 0.31,
      "text": "제품C 작성된 테스트케이스 조회",
    },
    {
      "score": 0.31,
      "text": "제품C 테스트 시나리오 작성",
    },
    {
      "score": 0.31,
      "text": "제품C 테스트 증적 검증 요청",
    },
    {
      "score": 0.29,
      "text": "제품C 테스트 케이스 검색",
    },
    {
      "score": 0.31,
      "text": "제품C 테스트 케이스 작성",
    },
    {
      "score": 0.31,
      "text": "제품C 테스트케이스 작성",
    },
    {
      "score": 0.59,
      "text": "제품D 리그레이션 테스트 수행",
    },
  ],
  "similarRatio": 1,
  "topTexts": [
    {
      "degree": 3,
      "fb": 4,
      "text": "제품B 작성된 테스트케이스 조회",
    },
    {
      "degree": 3,
      "fb": 4,
      "text": "제품C 작성된 테스트케이스 조회",
    },
    {
      "degree": 3,
      "fb": 4,
      "text": "제품A 작성된 테스트케이스 조회",
    },
    {
      "degree": 3,
      "fb": 4,
      "text": "제품D 작성된 테스트케이스 조회",
    },
    {
      "degree": 0,
      "fb": 3.1,
      "text": "제품C 테스트 증적 검증 요청",
    },
    {
      "degree": 0,
      "fb": 3.1,
      "text": "제품C 테스트 시나리오 작성",
    },
    {
      "degree": 0,
      "fb": 3.1,
      "text": "제품B 테스트 증적 검증 요청",
    },
    {
      "degree": 0,
      "fb": 3.1,
      "text": "제품B 테스트 시나리오 작성",
    },
    {
      "degree": 0,
      "fb": 3.1,
      "text": "제품A 테스트 증적 검증 요청",
    },
    {
      "degree": 0,
      "fb": 3.1,
      "text": "제품A 테스트 시나리오 작성",
    },
  ],
}
`;
